#-----------------------------------------------------------
# Vivado v2018.2 (64-bit)
# SW Build 2258646 on Thu Jun 14 20:02:38 MDT 2018
# IP Build 2256618 on Thu Jun 14 22:10:49 MDT 2018
# Start of session at: Mon Mar 11 08:21:35 2019
# Process ID: 6418
# Current directory: /net/e/vdubreuil/Desktop/EN211/plasma_pmod
# Command line: vivado
# Log file: /net/e/vdubreuil/Desktop/EN211/plasma_pmod/vivado.log
# Journal file: /net/e/vdubreuil/Desktop/EN211/plasma_pmod/vivado.jou
#-----------------------------------------------------------
start_gui
open_hw
connect_hw_server
open_hw_target
current_hw_device [get_hw_devices xc7a100t_0]
refresh_hw_device -update_hw_probes false [lindex [get_hw_devices xc7a100t_0] 0]
set_property PROBES.FILE {} [get_hw_devices xc7a100t_0]
set_property FULL_PROBES.FILE {} [get_hw_devices xc7a100t_0]
set_property PROGRAM.FILE {/net/e/vdubreuil/Desktop/EN211/plasma_pmod/BIN/plasma.bit} [get_hw_devices xc7a100t_0]
program_hw_devices [get_hw_devices xc7a100t_0]
refresh_hw_device [lindex [get_hw_devices xc7a100t_0] 0]
close_hw
create_project joystick /net/e/vdubreuil/Desktop/EN211/plasma_pmod/joystick -part xc7a100tcsg324-1
set_property target_language VHDL [current_project]
file mkdir /net/e/vdubreuil/Desktop/EN211/plasma_pmod/joystick/joystick.srcs/sources_1/new
close [ open /net/e/vdubreuil/Desktop/EN211/plasma_pmod/joystick/joystick.srcs/sources_1/new/zrgbz.vhd w ]
add_files /net/e/vdubreuil/Desktop/EN211/plasma_pmod/joystick/joystick.srcs/sources_1/new/zrgbz.vhd
update_compile_order -fileset sources_1
update_compile_order -fileset sources_1
add_files -norecurse {/net/e/vdubreuil/Desktop/EN211/plasma_pmod/joystick/joystick.srcs/sources_1/new/Binary_To_BCD.vhd /net/e/vdubreuil/Desktop/EN211/plasma_pmod/joystick/joystick.srcs/sources_1/new/PmodJSTK_Demo.vhd /net/e/vdubreuil/Desktop/EN211/plasma_pmod/joystick/joystick.srcs/sources_1/new/ssdCtrl.vhd /net/e/vdubreuil/Desktop/EN211/plasma_pmod/joystick/joystick.srcs/sources_1/new/ClkDiv_5Hz.vhd /net/e/vdubreuil/Desktop/EN211/plasma_pmod/joystick/joystick.srcs/sources_1/new/PmodJSTK.vhd /net/e/vdubreuil/Desktop/EN211/plasma_pmod/joystick/joystick.srcs/sources_1/new/ClkDiv_66_67kHz.vhd /net/e/vdubreuil/Desktop/EN211/plasma_pmod/joystick/joystick.srcs/sources_1/new/spiCtrl.vhd /net/e/vdubreuil/Desktop/EN211/plasma_pmod/joystick/joystick.srcs/sources_1/new/spiMode0.vhd}
update_compile_order -fileset sources_1
update_compile_order -fileset sources_1
add_files -fileset constrs_1 -norecurse /net/e/vdubreuil/Desktop/EN211/plasma_pmod/joystick/joystick.srcs/sources_1/new/nexys4_DDR.xdc
launch_runs synth_1 -jobs 4
wait_on_run synth_1
launch_runs impl_1 -jobs 4
wait_on_run impl_1
launch_runs impl_1 -to_step write_bitstream -jobs 4
wait_on_run impl_1
reset_run synth_1
launch_runs impl_1 -jobs 4
wait_on_run impl_1
launch_runs impl_1 -to_step write_bitstream -jobs 4
wait_on_run impl_1
open_hw
connect_hw_server
open_hw_target
set_property PROGRAM.FILE {/net/e/vdubreuil/Desktop/EN211/plasma_pmod/joystick/joystick.runs/impl_1/PmodJSTK_Demo.bit} [get_hw_devices xc7a100t_0]
current_hw_device [get_hw_devices xc7a100t_0]
refresh_hw_device -update_hw_probes false [lindex [get_hw_devices xc7a100t_0] 0]
set_property PROBES.FILE {} [get_hw_devices xc7a100t_0]
set_property FULL_PROBES.FILE {} [get_hw_devices xc7a100t_0]
set_property PROGRAM.FILE {/net/e/vdubreuil/Desktop/EN211/plasma_pmod/joystick/joystick.runs/impl_1/PmodJSTK_Demo.bit} [get_hw_devices xc7a100t_0]
program_hw_devices [get_hw_devices xc7a100t_0]
refresh_hw_device [lindex [get_hw_devices xc7a100t_0] 0]
close_hw
open_hw
connect_hw_server
open_hw_target
set_property PROGRAM.FILE {/net/e/vdubreuil/Desktop/EN211/plasma_pmod/joystick/joystick.runs/impl_1/PmodJSTK_Demo.bit} [get_hw_devices xc7a100t_0]
current_hw_device [get_hw_devices xc7a100t_0]
refresh_hw_device -update_hw_probes false [lindex [get_hw_devices xc7a100t_0] 0]
set_property PROBES.FILE {} [get_hw_devices xc7a100t_0]
set_property FULL_PROBES.FILE {} [get_hw_devices xc7a100t_0]
set_property PROGRAM.FILE {/net/e/vdubreuil/Desktop/EN211/plasma_pmod/BIN/plasma.bit} [get_hw_devices xc7a100t_0]
program_hw_devices [get_hw_devices xc7a100t_0]
refresh_hw_device [lindex [get_hw_devices xc7a100t_0] 0]
close_hw
